c:\users\saimon\documents\github\stuff\assemblylab1\medianfilterc++\x64\release\medianfilterc++.pch
c:\users\saimon\documents\github\stuff\assemblylab1\medianfilterc++\x64\release\vc143.pdb
c:\users\saimon\documents\github\stuff\assemblylab1\medianfilterc++\x64\release\pch.obj
c:\users\saimon\documents\github\stuff\assemblylab1\medianfilterc++\x64\release\dllmain.obj
c:\users\saimon\documents\github\stuff\assemblylab1\x64\release\medianfilterc++.dll
c:\users\saimon\documents\github\stuff\assemblylab1\x64\release\medianfilterc++.pdb
c:\users\saimon\documents\github\stuff\assemblylab1\x64\release\medianfilterc++.lib
c:\users\saimon\documents\github\stuff\assemblylab1\x64\release\medianfilterc++.exp
c:\users\saimon\documents\github\stuff\assemblylab1\medianfilterc++\x64\release\medianfilterc++.ipdb
c:\users\saimon\documents\github\stuff\assemblylab1\medianfilterc++\x64\release\medianfilterc++.iobj
c:\users\saimon\documents\github\median-filter-asm-c-\assemblylab1\medianfilterc++\x64\release\dllmain.obj
c:\users\saimon\documents\github\median-filter-asm-c-\assemblylab1\medianfilterc++\x64\release\pch.obj
c:\users\saimon\documents\github\median-filter-asm-c-\assemblylab1\medianfilterc++\x64\release\medianfilterc++.ipdb
c:\users\saimon\documents\github\median-filter-asm-c-\assemblylab1\medianfilterc++\x64\release\medianfilterc++.iobj
c:\users\saimon\documents\github\median-filter-asm-c-\assemblylab1\medianfilterc++\x64\release\medianfilterc++.pch
c:\users\saimon\documents\github\median-filter-asm-c-\assemblylab1\medianfilterc++\x64\release\vc143.pdb
c:\users\saimon\documents\github\median-filter-asm-c-\assemblylab1\x64\release\medianfilterc++.pdb
c:\users\saimon\documents\github\median-filter-asm-c-\assemblylab1\x64\release\medianfilterc++.dll
c:\users\saimon\documents\github\median-filter-asm-c-\assemblylab1\medianfilterc++\x64\release\medianfilterc++.tlog\cl.command.1.tlog
c:\users\saimon\documents\github\median-filter-asm-c-\assemblylab1\medianfilterc++\x64\release\medianfilterc++.tlog\cl.items.tlog
c:\users\saimon\documents\github\median-filter-asm-c-\assemblylab1\medianfilterc++\x64\release\medianfilterc++.tlog\cl.read.1.tlog
c:\users\saimon\documents\github\median-filter-asm-c-\assemblylab1\medianfilterc++\x64\release\medianfilterc++.tlog\cl.write.1.tlog
c:\users\saimon\documents\github\median-filter-asm-c-\assemblylab1\medianfilterc++\x64\release\medianfilterc++.tlog\link.command.1.tlog
c:\users\saimon\documents\github\median-filter-asm-c-\assemblylab1\medianfilterc++\x64\release\medianfilterc++.tlog\link.read.1.tlog
c:\users\saimon\documents\github\median-filter-asm-c-\assemblylab1\medianfilterc++\x64\release\medianfilterc++.tlog\link.secondary.1.tlog
c:\users\saimon\documents\github\median-filter-asm-c-\assemblylab1\medianfilterc++\x64\release\medianfilterc++.tlog\link.write.1.tlog
